[    0.000000] Linux version 4.15.0-213-generic (buildd@lcy02-amd64-079) (gcc version 7.5.0 (Ubuntu 7.5.0-3ubuntu1~18.04)) #224-Ubuntu SMP Mon Jun 19 13:30:12 UTC 2023 (Ubuntu 4.15.0-213.224-generic 4.15.18)
[    0.000000] Command line: BOOT_IMAGE=/boot/vmlinuz-4.15.0-213-generic root=UUID=f685bb41-0e3b-40c4-89c1-eea0f0583525 ro console=tty1 console=ttyS0
[    0.000000] KERNEL supported cpus:
[    0.000000]   Intel GenuineIntel
[    0.000000]   AMD AuthenticAMD
[    0.000000]   Centaur CentaurHauls
[    0.000000] [Firmware Bug]: TSC doesn't count with P0 frequency!
[    0.000000] x86/fpu: x87 FPU will use FXSAVE
[    0.000000] e820: BIOS-provided physical RAM map:
[    0.000000] BIOS-e820: [mem 0x0000000000000000-0x000000000009fbff] usable
[    0.000000] BIOS-e820: [mem 0x000000000009fc00-0x000000000009ffff] reserved
[    0.000000] BIOS-e820: [mem 0x00000000000f0000-0x00000000000fffff] reserved
[    0.000000] BIOS-e820: [mem 0x0000000000100000-0x000000003ffeffff] usable
[    0.000000] BIOS-e820: [mem 0x000000003fff0000-0x000000003fffffff] ACPI data
[    0.000000] BIOS-e820: [mem 0x00000000fec00000-0x00000000fec00fff] reserved
[    0.000000] BIOS-e820: [mem 0x00000000fee00000-0x00000000fee00fff] reserved
[    0.000000] BIOS-e820: [mem 0x00000000fffc0000-0x00000000ffffffff] reserved
[    0.000000] NX (Execute Disable) protection: active
[    0.000000] SMBIOS 2.5 present.
[    0.000000] DMI: innotek GmbH VirtualBox/VirtualBox, BIOS VirtualBox 12/01/2006
[    0.000000] Hypervisor detected: KVM
[    0.000000] e820: last_pfn = 0x3fff0 max_arch_pfn = 0x400000000
[    0.000000] x86/PAT: Configuration [0-7]: WB  WC  UC- UC  WB  WP  UC- WT  
[    0.000000] CPU MTRRs all blank - virtualized system.
[    0.000000] found SMP MP-table at [mem 0x0009fbf0-0x0009fbff]
[    0.000000] Scanning 1 areas for low memory corruption
[    0.000000] RAMDISK: [mem 0x35819000-0x36c03fff]
[    0.000000] ACPI: Early table checksum verification disabled
[    0.000000] ACPI: RSDP 0x00000000000E0000 000024 (v02 VBOX  )
[    0.000000] ACPI: XSDT 0x000000003FFF0030 00003C (v01 VBOX   VBOXXSDT 00000001 ASL  00000061)
[    0.000000] ACPI: FACP 0x000000003FFF00F0 0000F4 (v04 VBOX   VBOXFACP 00000001 ASL  00000061)
[    0.000000] ACPI: DSDT 0x000000003FFF0610 002353 (v02 VBOX   VBOXBIOS 00000002 INTL 20100528)
[    0.000000] ACPI: FACS 0x000000003FFF0200 000040
[    0.000000] ACPI: FACS 0x000000003FFF0200 000040
[    0.000000] ACPI: APIC 0x000000003FFF0240 00005C (v02 VBOX   VBOXAPIC 00000001 ASL  00000061)
[    0.000000] ACPI: SSDT 0x000000003FFF02A0 00036C (v01 VBOX   VBOXCPUT 00000002 INTL 20100528)
[    0.000000] ACPI: Reserving FACP table memory at [mem 0x3fff00f0-0x3fff01e3]
[    0.000000] ACPI: Reserving DSDT table memory at [mem 0x3fff0610-0x3fff2962]
[    0.000000] ACPI: Reserving FACS table memory at [mem 0x3fff0200-0x3fff023f]
[    0.000000] ACPI: Reserving FACS table memory at [mem 0x3fff0200-0x3fff023f]
[    0.000000] ACPI: Reserving APIC table memory at [mem 0x3fff0240-0x3fff029b]
[    0.000000] ACPI: Reserving SSDT table memory at [mem 0x3fff02a0-0x3fff060b]
[    0.000000] No NUMA configuration found
[    0.000000] Faking a node at [mem 0x0000000000000000-0x000000003ffeffff]
[    0.000000] NODE_DATA(0) allocated [mem 0x3ffc5000-0x3ffeffff]
[    0.000000] kvm-clock: cpu 0, msr 0:3ff44001, primary cpu clock
[    0.000000] kvm-clock: Using msrs 4b564d01 and 4b564d00
[    0.000000] kvm-clock: using sched offset of 4401616598 cycles
[    0.000000] clocksource: kvm-clock: mask: 0xffffffffffffffff max_cycles: 0x1cd42e4dffb, max_idle_ns: 881590591483 ns
[    0.000000] Zone ranges:
[    0.000000]   DMA      [mem 0x0000000000001000-0x0000000000ffffff]
[    0.000000]   DMA32    [mem 0x0000000001000000-0x000000003ffeffff]
[    0.000000]   Normal   empty
[    0.000000]   Device   empty
[    0.000000] Movable zone start for each node
[    0.000000] Early memory node ranges
[    0.000000]   node   0: [mem 0x0000000000001000-0x000000000009efff]
[    0.000000]   node   0: [mem 0x0000000000100000-0x000000003ffeffff]
[    0.000000] Reserved but unavailable: 104 pages
[    0.000000] Initmem setup node 0 [mem 0x0000000000001000-0x000000003ffeffff]
[    0.000000] ACPI: PM-Timer IO Port: 0x4008
[    0.000000] IOAPIC[0]: apic_id 2, version 32, address 0xfec00000, GSI 0-23
[    0.000000] ACPI: INT_SRC_OVR (bus 0 bus_irq 0 global_irq 2 dfl dfl)
[    0.000000] ACPI: INT_SRC_OVR (bus 0 bus_irq 9 global_irq 9 low level)
[    0.000000] Using ACPI (MADT) for SMP configuration information
[    0.000000] smpboot: Allowing 2 CPUs, 0 hotplug CPUs
[    0.000000] PM: Registered nosave memory: [mem 0x00000000-0x00000fff]
[    0.000000] PM: Registered nosave memory: [mem 0x0009f000-0x0009ffff]
[    0.000000] PM: Registered nosave memory: [mem 0x000a0000-0x000effff]
[    0.000000] PM: Registered nosave memory: [mem 0x000f0000-0x000fffff]
[    0.000000] e820: [mem 0x40000000-0xfebfffff] available for PCI devices
[    0.000000] Booting paravirtualized kernel on KVM
[    0.000000] clocksource: refined-jiffies: mask: 0xffffffff max_cycles: 0xffffffff, max_idle_ns: 7645519600211568 ns
[    0.000000] setup_percpu: NR_CPUS:8192 nr_cpumask_bits:2 nr_cpu_ids:2 nr_node_ids:1
[    0.000000] percpu: Embedded 50 pages/cpu s167936 r8192 d28672 u1048576
[    0.000000] PV qspinlock hash table entries: 256 (order: 0, 4096 bytes)
[    0.000000] Built 1 zonelists, mobility grouping on.  Total pages: 257913
[    0.000000] Policy zone: DMA32
[    0.000000] Kernel command line: BOOT_IMAGE=/boot/vmlinuz-4.15.0-213-generic root=UUID=f685bb41-0e3b-40c4-89c1-eea0f0583525 ro console=tty1 console=ttyS0
[    0.000000] Memory: 981776K/1048120K available (12300K kernel code, 2477K rwdata, 4324K rodata, 2480K init, 2720K bss, 66344K reserved, 0K cma-reserved)
[    0.000000] SLUB: HWalign=64, Order=0-3, MinObjects=0, CPUs=2, Nodes=1
[    0.000000] ftrace: allocating 39508 entries in 155 pages
[    0.004000] Hierarchical RCU implementation.
[    0.004000] 	RCU restricting CPUs from NR_CPUS=8192 to nr_cpu_ids=2.
[    0.004000] 	Tasks RCU enabled.
[    0.004000] RCU: Adjusting geometry for rcu_fanout_leaf=16, nr_cpu_ids=2
[    0.004000] NR_IRQS: 524544, nr_irqs: 440, preallocated irqs: 16
[    0.004000] random: crng init done
[    0.004000] Console: colour VGA+ 80x25
[    0.004000] console [tty1] enabled
[    0.004000] console [ttyS0] enabled
[    0.004000] ACPI: Core revision 20170831
[    0.004000] ACPI: 2 ACPI AML tables successfully acquired and loaded
[    0.004000] APIC: Switch to symmetric I/O mode setup
[    0.004000] ..TIMER: vector=0x30 apic1=0 pin1=2 apic2=-1 pin2=-1
[    0.004012] tsc: Detected 1796.568 MHz processor
[    0.008017] Calibrating delay loop (skipped) preset value.. 3593.13 BogoMIPS (lpj=7186272)
[    0.012008] pid_max: default: 32768 minimum: 301
[    0.016166] Security Framework initialized
[    0.020008] Yama: becoming mindful.
[    0.024160] AppArmor: AppArmor initialized
[    0.037948] Dentry cache hash table entries: 131072 (order: 8, 1048576 bytes)
[    0.046314] Inode-cache hash table entries: 65536 (order: 7, 524288 bytes)
[    0.048758] Mount-cache hash table entries: 2048 (order: 2, 16384 bytes)
[    0.052184] Mountpoint-cache hash table entries: 2048 (order: 2, 16384 bytes)
[    0.061122] Last level iTLB entries: 4KB 1024, 2MB 1024, 4MB 512
[    0.064025] Last level dTLB entries: 4KB 2048, 2MB 2048, 4MB 1024, 1GB 0
[    0.068008] Spectre V1 : Mitigation: usercopy/swapgs barriers and __user pointer sanitization
[    0.072008] Spectre V2 : Mitigation: Retpolines
[    0.076007] Spectre V2 : Spectre v2 / SpectreRSB mitigation: Filling RSB on context switch
[    0.080007] Spectre V2 : Spectre v2 / SpectreRSB : Filling RSB on VMEXIT
[    0.084008] RETBleed: Vulnerable
[    0.092145] Freeing SMP alternatives memory: 36K
[    0.208472] smpboot: CPU0: AMD Ryzen 7 5700U with Radeon Graphics (family: 0x17, model: 0x68, stepping: 0x1)
[    0.216053] Performance Events: PMU not available due to virtualization, using software events only.
[    0.220179] Hierarchical SRCU implementation.
[    0.228489] NMI watchdog: Perf event create on CPU 0 failed with -2
[    0.232007] NMI watchdog: Perf NMI watchdog permanently disabled
[    0.236475] smp: Bringing up secondary CPUs ...
[    0.241282] x86: Booting SMP configuration:
[    0.244006] .... node  #0, CPUs:      #1
[    0.004000] kvm-clock: cpu 1, msr 0:3ff44041, secondary cpu clock
[    0.260000] TSC synchronization [CPU#0 -> CPU#1]:
[    0.260000] Measured 58051 cycles TSC warp between CPUs, turning off TSC clock.
[    0.260000] tsc: Marking TSC unstable due to check_tsc_sync_source failed
[    0.264300] smp: Brought up 1 node, 2 CPUs
[    0.268011] smpboot: Max logical packages: 1
[    0.272008] smpboot: Total of 2 processors activated (7186.27 BogoMIPS)
[    0.276784] devtmpfs: initialized
[    0.284936] x86/mm: Memory block size: 128MB
[    0.292594] evm: security.selinux
[    0.296007] evm: security.SMACK64
[    0.300004] evm: security.SMACK64EXEC
[    0.308006] evm: security.SMACK64TRANSMUTE
[    0.312005] evm: security.SMACK64MMAP
[    0.320004] evm: security.apparmor
[    0.324005] evm: security.ima
[    0.328006] evm: security.capability
[    0.336552] clocksource: jiffies: mask: 0xffffffff max_cycles: 0xffffffff, max_idle_ns: 7645041785100000 ns
[    0.340150] futex hash table entries: 512 (order: 3, 32768 bytes)
[    0.344232] pinctrl core: initialized pinctrl subsystem
[    0.348708] RTC time: 13:40:13, date: 06/19/25
[    0.356258] NET: Registered protocol family 16
[    0.360009] audit: initializing netlink subsys (disabled)
[    0.364272] audit: type=2000 audit(1750340418.497:1): state=initialized audit_enabled=0 res=1
[    0.368129] cpuidle: using governor ladder
[    0.372281] cpuidle: using governor menu
[    0.384077] ACPI: bus type PCI registered
[    0.387608] acpiphp: ACPI Hot Plug PCI Controller Driver version: 0.5
[    0.388678] PCI: Using configuration type 1 for base access
[    0.392009] PCI: Using configuration type 1 for extended access
[    0.404393] HugeTLB registered 2.00 MiB page size, pre-allocated 0 pages
[    0.416399] ACPI: Added _OSI(Module Device)
[    0.424120] ACPI: Added _OSI(Processor Device)
[    0.432010] ACPI: Added _OSI(3.0 _SCP Extensions)
[    0.436005] ACPI: Added _OSI(Processor Aggregator Device)
[    0.444012] ACPI: Added _OSI(Linux-Dell-Video)
[    0.452014] ACPI: Added _OSI(Linux-Lenovo-NV-HDMI-Audio)
[    0.460010] ACPI: Added _OSI(Linux-HPI-Hybrid-Graphics)
[    0.465041] ACPI: Executed 1 blocks of module-level executable AML code
[    0.480376] ACPI: Interpreter enabled
[    0.484040] ACPI: (supports S0 S5)
[    0.488012] ACPI: Using IOAPIC for interrupt routing
[    0.492576] PCI: Using host bridge windows from ACPI; if necessary, use "pci=nocrs" and report a bug
[    0.500300] ACPI: Enabled 2 GPEs in block 00 to 07
[    0.521131] ACPI: PCI Root Bridge [PCI0] (domain 0000 [bus 00-ff])
[    0.528034] acpi PNP0A03:00: _OSC: OS supports [ExtendedConfig ASPM ClockPM Segments MSI]
[    0.534007] acpi PNP0A03:00: _OSC: platform does not support [PCIeCapability]
[    0.545041] acpi PNP0A03:00: _OSC: not requesting control; platform does not support [PCIeCapability]
[    0.556012] acpi PNP0A03:00: _OSC: OS requested [PCIeHotplug PME AER PCIeCapability]
[    0.560014] acpi PNP0A03:00: _OSC: platform willing to grant [PCIeHotplug PME AER]
[    0.568014] acpi PNP0A03:00: _OSC failed (AE_SUPPORT); disabling ASPM
[    0.576879] PCI host bridge to bus 0000:00
[    0.580006] pci_bus 0000:00: root bus resource [io  0x0000-0x0cf7 window]
[    0.588013] pci_bus 0000:00: root bus resource [io  0x0d00-0xffff window]
[    0.596010] pci_bus 0000:00: root bus resource [mem 0x000a0000-0x000bffff window]
[    0.604012] pci_bus 0000:00: root bus resource [mem 0x40000000-0xfdffffff window]
[    0.612012] pci_bus 0000:00: root bus resource [bus 00-ff]
[    0.626545] pci 0000:00:01.1: legacy IDE quirk: reg 0x10: [io  0x01f0-0x01f7]
[    0.632019] pci 0000:00:01.1: legacy IDE quirk: reg 0x14: [io  0x03f6]
[    0.636020] pci 0000:00:01.1: legacy IDE quirk: reg 0x18: [io  0x0170-0x0177]
[    0.644017] pci 0000:00:01.1: legacy IDE quirk: reg 0x1c: [io  0x0376]
[    0.676008] pci 0000:00:07.0: quirk: [io  0x4000-0x403f] claimed by PIIX4 ACPI
[    0.680049] pci 0000:00:07.0: quirk: [io  0x4100-0x410f] claimed by PIIX4 SMB
[    0.698224] ACPI: PCI Interrupt Link [LNKA] (IRQs 5 9 10 *11)
[    0.704730] ACPI: PCI Interrupt Link [LNKB] (IRQs 5 9 *10 11)
[    0.712296] ACPI: PCI Interrupt Link [LNKC] (IRQs 5 *9 10 11)
[    0.716301] ACPI: PCI Interrupt Link [LNKD] (IRQs 5 9 10 *11)
[    0.725594] SCSI subsystem initialized
[    0.732051] pci 0000:00:02.0: vgaarb: setting as boot VGA device
[    0.736000] pci 0000:00:02.0: vgaarb: VGA device added: decodes=io+mem,owns=io+mem,locks=none
[    0.744013] pci 0000:00:02.0: vgaarb: bridge control possible
[    0.752006] vgaarb: loaded
[    0.752103] ACPI: bus type USB registered
[    0.756042] usbcore: registered new interface driver usbfs
[    0.764040] usbcore: registered new interface driver hub
[    0.768040] usbcore: registered new device driver usb
[    0.776218] EDAC MC: Ver: 3.0.0
[    0.780362] PCI: Using ACPI for IRQ routing
[    0.784822] NetLabel: Initializing
[    0.788006] NetLabel:  domain hash size = 128
[    0.792002] NetLabel:  protocols = UNLABELED CIPSOv4 CALIPSO
[    0.796029] NetLabel:  unlabeled traffic allowed by default
[    0.804418] clocksource: Switched to clocksource kvm-clock
[    0.860051] VFS: Disk quotas dquot_6.6.0
[    0.868204] VFS: Dquot-cache hash table entries: 512 (order 0, 4096 bytes)
[    0.876888] AppArmor: AppArmor Filesystem Enabled
[    0.882098] pnp: PnP ACPI init
[    0.888698] pnp: PnP ACPI: found 3 devices
[    0.945213] clocksource: acpi_pm: mask: 0xffffff max_cycles: 0xffffff, max_idle_ns: 2085701024 ns
[    0.955382] NET: Registered protocol family 2
[    0.962039] IP idents hash table entries: 16384 (order: 5, 131072 bytes)
[    0.970249] TCP established hash table entries: 8192 (order: 4, 65536 bytes)
[    0.977648] TCP bind hash table entries: 8192 (order: 5, 131072 bytes)
[    0.985821] TCP: Hash tables configured (established 8192 bind 8192)
[    0.993001] UDP hash table entries: 512 (order: 2, 16384 bytes)
[    0.999622] UDP-Lite hash table entries: 512 (order: 2, 16384 bytes)
[    1.007241] NET: Registered protocol family 1
[    1.012812] pci 0000:00:00.0: Limiting direct PCI/PCI transfers
[    1.018723] pci 0000:00:01.0: Activating ISA DMA hang workarounds
[    1.024789] pci 0000:00:02.0: Video device with shadowed ROM at [mem 0x000c0000-0x000dffff]
[    1.033364] Unpacking initramfs...
[    1.202924] Freeing initrd memory: 20396K
[    1.640179] clocksource: tsc: mask: 0xffffffffffffffff max_cycles: 0x19e57f90bde, max_idle_ns: 440795289086 ns
[    1.650219] platform rtc_cmos: registered platform RTC device (no PNP device found)
[    1.658472] Scanning for low memory corruption every 60 seconds
[    1.668420] Initialise system trusted keyrings
[    1.674429] Key type blacklist registered
[    1.679393] workingset: timestamp_bits=36 max_order=18 bucket_order=0
[    1.688933] zbud: loaded
[    1.693822] squashfs: version 4.0 (2009/01/31) Phillip Lougher
[    1.701278] fuse init (API version 7.26)
[    1.745087] Key type asymmetric registered
[    1.749684] Asymmetric key parser 'x509' registered
[    1.754816] Block layer SCSI generic (bsg) driver version 0.4 loaded (major 246)
[    1.762923] io scheduler noop registered
[    1.768665] io scheduler deadline registered
[    1.772475] io scheduler cfq registered (default)
[    1.778115] ACPI: AC Adapter [AC] (on-line)
[    1.782027] input: Power Button as /devices/LNXSYSTM:00/LNXPWRBN:00/input/input0
[    1.788890] ACPI: Power Button [PWRF]
[    1.792285] input: Sleep Button as /devices/LNXSYSTM:00/LNXSLPBN:00/input/input1
[    1.798784] ACPI: Sleep Button [SLPF]
[    1.805858] ACPI: Battery Slot [BAT0] (battery present)
[    1.808535] Serial: 8250/16550 driver, 32 ports, IRQ sharing enabled
[    1.844870] 00:02: ttyS0 at I/O 0x3f8 (irq = 4, base_baud = 115200) is a 16550A
[    1.870905] Linux agpgart interface v0.103
[    1.882351] loop: module loaded
[    1.888225] scsi host0: ata_piix
[    1.892395] scsi host1: ata_piix
[    1.895989] ata1: PATA max UDMA/33 cmd 0x1f0 ctl 0x3f6 bmdma 0xd000 irq 14
[    1.903157] ata2: PATA max UDMA/33 cmd 0x170 ctl 0x376 bmdma 0xd008 irq 15
[    1.910101] tun: Universal TUN/TAP device driver, 1.6
[    1.916362] PPP generic driver version 2.4.2
[    1.921344] ehci_hcd: USB 2.0 'Enhanced' Host Controller (EHCI) Driver
[    1.928657] ehci-pci: EHCI PCI platform driver
[    1.933091] ehci-platform: EHCI generic platform driver
[    1.938591] ohci_hcd: USB 1.1 'Open' Host Controller (OHCI) Driver
[    1.944945] ohci-pci: OHCI PCI platform driver
[    1.949304] ohci-platform: OHCI generic platform driver
[    1.955155] uhci_hcd: USB Universal Host Controller Interface driver
[    1.961849] i8042: PNP: PS/2 Controller [PNP0303:PS2K,PNP0f03:PS2M] at 0x60,0x64 irq 1,12
[    1.976304] serio: i8042 KBD port at 0x60,0x64 irq 1
[    1.981276] serio: i8042 AUX port at 0x60,0x64 irq 12
[    1.987096] mousedev: PS/2 mouse device common for all mice
[    1.997084] rtc_cmos rtc_cmos: rtc core: registered rtc_cmos as rtc0
[    1.997262] input: AT Translated Set 2 keyboard as /devices/platform/i8042/serio0/input/input2
[    2.005020] rtc_cmos rtc_cmos: alarms up to one day, 114 bytes nvram
[    2.020229] i2c /dev entries driver
[    2.023981] device-mapper: uevent: version 1.0.3
[    2.030158] device-mapper: ioctl: 4.37.0-ioctl (2017-09-20) initialised: dm-devel@redhat.com
[    2.038223] ledtrig-cpu: registered to indicate activity on CPUs
[    2.045508] NET: Registered protocol family 10
[    2.060915] Segment Routing with IPv6
[    2.064223] NET: Registered protocol family 17
[    2.069205] Key type dns_resolver registered
[    2.130789] mce: Using 0 MCE banks
[    2.135127] RAS: Correctable Errors collector initialized.
[    2.140249] sched_clock: Marking stable (2140051174, 0)->(2864457568, -724406394)
[    2.149932] registered taskstats version 1
[    2.154474] Loading compiled-in X.509 certificates
[    2.164692] Loaded X.509 cert 'Build time autogenerated kernel key: cdc7189136aaa35407544516090e2034d9c28e14'
[    2.176523] Loaded X.509 cert 'Canonical Ltd. Live Patch Signing: 14df34d1a87cf37625abec039ef2bf521249b969'
[    2.186447] Loaded X.509 cert 'Canonical Ltd. Kernel Module Signing: 88f752e560a1e0737e31163a466ad7b70a850c19'
[    2.195571] blacklist: Loading compiled-in revocation X.509 certificates
[    2.201906] Loaded X.509 cert 'Canonical Ltd. Secure Boot Signing: 61482aa2830d0ab2ad5af10b7250da9033ddcef0'
[    2.210806] Loaded X.509 cert 'Canonical Ltd. Secure Boot Signing (2017): 242ade75ac4a15e50d50c84b0d45ff3eae707a03'
[    2.220822] Loaded X.509 cert 'Canonical Ltd. Secure Boot Signing (ESM 2018): 365188c1d374d6b07c3c8f240f8ef722433d6a8b'
[    2.230186] Loaded X.509 cert 'Canonical Ltd. Secure Boot Signing (2019): c0746fd6c5da3ae827864651ad66ae47fe24b3e8'
[    2.241152] Loaded X.509 cert 'Canonical Ltd. Secure Boot Signing (2021 v1): a8d54bbb3825cfb94fa13c9f8a594a195c107b8d'
[    2.250541] Loaded X.509 cert 'Canonical Ltd. Secure Boot Signing (2021 v2): 4cf046892d6fd3c9a5b03f98d845f90851dc6a8c'
[    2.260711] Loaded X.509 cert 'Canonical Ltd. Secure Boot Signing (2021 v3): 100437bb6de6e469b581e61cd66bce3ef4ed53af'
[    2.270318] Loaded X.509 cert 'Canonical Ltd. Secure Boot Signing (Ubuntu Core 2019): c1d57b8f6b743f23ee41f4f7ee292f06eecadfb9'
[    2.280440] zswap: loaded using pool lzo/zbud
[    2.292697] Key type big_key registered
[    2.296414] Key type trusted registered
[    2.303893] Key type encrypted registered
[    2.308414] AppArmor: AppArmor sha1 policy hashing enabled
[    2.314246] ima: No TPM chip found, activating TPM-bypass! (rc=-19)
[    2.321244] ima: Allocated hash algorithm: sha1
[    2.325682] evm: HMAC attrs: 0x1
[    2.329654]   Magic number: 13:937:685
[    2.333284]  clocksource: hash matches
[    2.337491] rtc_cmos rtc_cmos: setting system clock to 2025-06-19 13:40:15 UTC (1750340415)
[    2.345482] BIOS EDD facility v0.16 2004-Jun-25, 0 devices found
[    2.352161] EDD information not available.
[    2.359256] Freeing unused kernel image memory: 2480K
[    2.380453] Write protecting the kernel read-only data: 20480k
[    2.387067] Freeing unused kernel image memory: 2008K
[    2.393320] Freeing unused kernel image memory: 1820K
[    2.405324] x86/mm: Checked W+X mappings: passed, no W+X pages found.
Loading, please wait...
starting version 237
[    2.504279] e1000: Intel(R) PRO/1000 Network Driver - version 7.3.21-k8-NAPI
[    2.512362] e1000: Copyright (c) 1999-2006 Intel Corporation.
[    2.519616] Fusion MPT base driver 3.04.20
[    2.524873] Copyright (c) 1999-2008 LSI Corporation
[    2.547943] Fusion MPT SPI Host driver 3.04.20
[    2.578886] SSE version of gcm_enc/dec engaged.
[    2.797796] input: ImExPS/2 Generic Explorer Mouse as /devices/platform/i8042/serio1/input/input4
[    3.540798] e1000 0000:00:03.0 eth0: (PCI:33MHz:32-bit) 02:3b:7b:b7:3b:2d
[    3.547561] e1000 0000:00:03.0 eth0: Intel(R) PRO/1000 Network Connection
[    3.556404] mptbase: ioc0: Initiating bringup
[    3.561727] e1000 0000:00:03.0 enp0s3: renamed from eth0
[    3.703415] ioc0: LSI53C1030 A0: Capabilities={Initiator}
[    3.964670] scsi host2: ioc0: LSI53C1030 A0, FwRev=00000000h, Ports=1, MaxQ=256, IRQ=20
[    4.142682] scsi 2:0:0:0: Direct-Access     VBOX     HARDDISK         1.0  PQ: 0 ANSI: 5
[    4.180241] scsi target2:0:0: Beginning Domain Validation
[    4.194030] scsi target2:0:0: Domain Validation skipping write tests
[    4.199272] scsi target2:0:0: Ending Domain Validation
[    4.204720] scsi target2:0:0: asynchronous
[    4.211255] scsi 2:0:1:0: Direct-Access     VBOX     HARDDISK         1.0  PQ: 0 ANSI: 5
[    4.248455] scsi target2:0:1: Beginning Domain Validation
[    4.265565] scsi target2:0:1: Domain Validation skipping write tests
[    4.271576] scsi target2:0:1: Ending Domain Validation
[    4.276556] scsi target2:0:1: asynchronous
[    4.297511] sd 2:0:0:0: Attached scsi generic sg0 type 0
[    4.298651] sd 2:0:0:0: [sda] 83886080 512-byte logical blocks: (42.9 GB/40.0 GiB)
[    4.304702] sd 2:0:1:0: Attached scsi generic sg1 type 0
[    4.313902] sd 2:0:0:0: [sda] Write Protect is off
[    4.323021] sd 2:0:1:0: [sdb] 20480 512-byte logical blocks: (10.5 MB/10.0 MiB)
[    4.323735] sd 2:0:0:0: [sda] Incomplete mode parameter data
[    4.337745] sd 2:0:0:0: [sda] Assuming drive cache: write through
[    4.337980] sd 2:0:1:0: [sdb] Write Protect is off
[    4.349049]  sda: sda1
[    4.352971] sd 2:0:1:0: [sdb] Incomplete mode parameter data
[    4.355196] sd 2:0:0:0: [sda] Attached SCSI disk
[    4.358827] sd 2:0:1:0: [sdb] Assuming drive cache: write through
[    4.382230] sd 2:0:1:0: [sdb] Attached SCSI disk
Begin: Loading essential drivers ... [    6.964773] raid6: sse2x1   gen() 166569 MB/s
[    7.953126] raid6: sse2x1   xor() 175919 MB/s
[    8.968952] raid6: sse2x2   gen() 366329 MB/s
[    9.970419] raid6: sse2x2   xor() 250646 MB/s
[   11.973498] raid6: sse2x4   gen() 402269 MB/s
[   12.033251] raid6: sse2x4   xor() 10970 MB/s
[   12.037898] raid6: using algorithm sse2x4 gen() 402269 MB/s
[   12.043045] raid6: .... xor() 10970 MB/s, rmw enabled
[   12.047698] raid6: using ssse3x2 recovery algorithm
[   12.054972] xor: measuring software checksum speed
[   12.096949]    prefetch64-sse: 17455.000 MB/sec
[   12.140442]    generic_sse: 16119.000 MB/sec
[   12.145753] xor: using function: prefetch64-sse (17455.000 MB/sec)
[   12.154142] async_tx: api initialized (async)
done.
Begin: Running /scripts/init-premount ... done.
Begin: Mounting root file system ... Begin: Running /scripts/local-top ... done.
Begin: Running /scripts/local-premount ... [   12.221250] Btrfs loaded, crc32c=crc32c-intel
Scanning for Btrfs filesystems
done.
Begin: Will now check root file system ... fsck from util-linux 2.31.1
[/sbin/fsck.ext4 (1) -- /dev/sda1] fsck.ext4 -a -C0 /dev/sda1 
cloudimg-rootfs: clean, 124442/5120000 files, 939100/10485499 blocks
done.
[   12.333143] EXT4-fs (sda1): mounted filesystem with ordered data mode. Opts: (null)
done.
Begin: Running /scripts/local-bottom ... done.
Begin: Running /scripts/init-bottom ... done.
[   12.652172] ip_tables: (C) 2000-2006 Netfilter Core Team
[   12.678214] systemd[1]: systemd 237 running in system mode. (+PAM +AUDIT +SELINUX +IMA +APPARMOR +SMACK +SYSVINIT +UTMP +LIBCRYPTSETUP +GCRYPT +GNUTLS +ACL +XZ +LZ4 +SECCOMP +BLKID +ELFUTILS +KMOD -IDN2 +IDN -PCRE2 default-hierarchy=hybrid)
[   12.696634] systemd[1]: Detected virtualization oracle.
[   12.701435] systemd[1]: Detected architecture x86-64.

Welcome to [1mUbuntu 18.04.6 LTS[0m!

[   12.737213] systemd[1]: Set hostname to <ubuntu-bionic>.
[   13.191313] systemd[1]: Reached target Mounting snaps.
[[0;32m  OK  [0m] Reached target Mounting snaps.
[   13.208833] systemd[1]: Created slice User and Session Slice.
[[0;32m  OK  [0m] Created slice User and Session Slice.
[   13.215900] systemd[1]: Reached target Mounted snaps.
[[0;32m  OK  [0m] Reached target Mounted snaps.
[   13.223194] systemd[1]: Created slice System Slice.
[[0;32m  OK  [0m] Created slice System Slice.
[   13.229385] systemd[1]: Reached target Slices.
[[0;32m  OK  [0m] Reached target Slices.
[   13.235168] systemd[1]: Listening on Syslog Socket.
[[0;32m  OK  [0m] Listening on Syslog Socket.
[[0;32m  OK  [0m] Listening on Journal Audit Socket.
[[0;32m  OK  [0m] Listening on Journal Socket.
         Starting Uncomplicated firewall...
         Starting Set the console keyboard layout...
         Mounting Huge Pages File System...
[[0;32m  OK  [0m] Listening on LVM2 metadata daemon socket.
[[0;32m  OK  [0m] Created slice system-serial\x2dgetty.slice.
         Starting Load Kernel Modules...
[[0;32m  OK  [0m] Reached target System Time Synchronized.
[[0;32m  OK  [0m] Listening on udev Control Socket.
[[0;32m  OK  [0m] Listening on /dev/initctl Compatibility Named Pipe.
[[0;32m  OK  [0m] Reached target Swap.
         Mounting Kernel Debug File System...
         Starting Create list of required stâ€¦ce nodes for the current kernel...
[[0;32m  OK  [0m] Listening on udev Kernel Socket.
[[0;32m  OK  [0m] Started Forward Password Requests to Wall Directory Watch.
[   13.304268] Loading iSCSI transport class v2.0-870.
[[0;32m  OK  [0m] Listening on Device-mapper event daemon FIFOs.
         Starting Monitoring of LVM2 mirrorsâ€¦ng dmeventd or progress polling...
[[0;32m  OK  [0m] Listening on Journal Socket (/dev/log).
[[0;32m  OK  [0m] Listening on Network Service Netlink Socket.
[   13.342668] iscsi: registered transport (tcp)
         Starting Journal Service...
         Starting udev Coldplug all Devices...
[[0;32m  OK  [0m] Set up automount Arbitrary Executabâ€¦rmats File System Automount Point.
[[0;32m  OK  [0m] Listening on LVM2 poll daemon socket.
[[0;32m  OK  [0m] Listening on fsck to fsckd communication Socket.
         Starting Remount Root and Kernel File Systems...
[[0;32m  OK  [0m] Reached target User and Group Name Lookups.
         Mounting POSIX Message Queue File System...
[[0;32m  OK  [0m] Started Uncomplicated firewall.
[[0;32m  OK  [0m] Mounted Huge Pages File System.
[[0;32m  OK  [0m] Mounted Kernel Debug File System.
[[0;32m  OK  [0m] Started Create list of required staâ€¦vice nodes for the current kernel.
         Starting Create Static Device Nodes in /dev...
[[0;32m  OK  [0m] Mounted POSIX Message Queue File System.
[[0;32m  OK  [0m] Started LVM2 metadata daemon.
[[0;32m  OK  [0m] Started udev Coldplug all Devices.
[[0;32m  OK  [0m] Started Create Static Device Nodes in /dev.
[[0;32m  OK  [0m] Started Journal Service.
[   13.527394] EXT4-fs (sda1): re-mounted. Opts: (null)
[[0;32m  OK  [0m] Started Remount Root and Kernel File Systems.
         Starting Load/Save Random Seed...
[   13.555038] iscsi: registered transport (iser)
         Starting udev Kernel Device Manager...
         Starting Flush Journal to Persistent Storage...
[[0;32m  OK  [0m] Started Load Kernel Modules.
         Mounting FUSE Control File System...
         Mounting Kernel Configuration File System...
         Starting Apply Kernel Variables...
[[0;32m  OK  [0m] Started Load/Save Random Seed.
[[0;32m  OK  [0m] Mounted FUSE Control File System.
[[0;32m  OK  [0m] Mounted Kernel Configuration File System.
[   13.637419] systemd-journald[439]: Received request to flush runtime journal from PID 1
[[0;32m  OK  [0m] Started Set the console keyboard layout.
[[0;32m  OK  [0m] Started udev Kernel Device Manager.
[[0;32m  OK  [0m] Started Dispatch Password Requests to Console Directory Watch.
[[0;32m  OK  [0m] Reached target Local Encrypted Volumes.
[[0;32m  OK  [0m] Started Apply Kernel Variables.
[[0;32m  OK  [0m] Started Monitoring of LVM2 mirrors,â€¦sing dmeventd or progress polling.
[[0;32m  OK  [0m] Reached target Local File Systems (Pre).
[[0;32m  OK  [0m] Reached target Local File Systems.
         Starting ebtables ruleset management...
         Starting Set console font and keymap...
         Starting AppArmor initialization...
         Starting Tell Plymouth To Write Out Runtime Data...
[[0;32m  OK  [0m] Started Flush Journal to Persistent Storage.
         Starting Create Volatile Files and Directories...
[[0;32m  OK  [0m] Started Set console font and keymap.
[[0;32m  OK  [0m] Started Tell Plymouth To Write Out Runtime Data.
[[0;32m  OK  [0m] Started Create Volatile Files and Directories.
         Starting Update UTMP about System Boot/Shutdown...
[[0;32m  OK  [0m] Started Update UTMP about System Boot/Shutdown.
[[0;32m  OK  [0m] Started ebtables ruleset management.
[[0;32m  OK  [0m] Found device /dev/ttyS0.
[[0;32m  OK  [0m] Listening on Load/Save RF Kill Switch Status /dev/rfkill Watch.
[[0;32m  OK  [0m] Started AppArmor initialization.
         Mounting Arbitrary Executable File Formats File System...
         Starting Load AppArmor profiles managed internally by snapd...
         Starting Initial cloud-init job (pre-networking)...
[[0;32m  OK  [0m] Mounted Arbitrary Executable File Formats File System.
[[0;32m  OK  [0m] Started Load AppArmor profiles managed internally by snapd.
[   16.724517] cloud-init[590]: Cloud-init v. 23.1.2-0ubuntu0~18.04.1 running 'init-local' at Thu, 19 Jun 2025 13:40:29 +0000. Up 16.49 seconds.
[[0;32m  OK  [0m] Started Initial cloud-init job (pre-networking).
[[0;32m  OK  [0m] Reached target Network (Pre).
         Starting Network Service...
[[0;32m  OK  [0m] Started Network Service.
         Starting Network Name Resolution...
         Starting Wait for Network to be Configured...
[[0;32m  OK  [0m] Started Network Name Resolution.
[[0;32m  OK  [0m] Reached target Network.
[[0;32m  OK  [0m] Reached target Host and Network Name Lookups.
[[0;32m  OK  [0m] Started Wait for Network to be Configured.
         Starting Initial cloud-init job (metadata service crawler)...
[   19.154079] cloud-init[697]: Cloud-init v. 23.1.2-0ubuntu0~18.04.1 running 'init' at Thu, 19 Jun 2025 13:40:32 +0000. Up 19.02 seconds.
[   19.173943] cloud-init[697]: ci-info: ++++++++++++++++++++++++++++++++++++++Net device info++++++++++++++++++++++++++++++++++++++
[   19.182506] cloud-init[697]: ci-info: +--------+------+----------------------------+---------------+--------+-------------------+
[   19.191080] cloud-init[697]: ci-info: | Device |  Up  |          Address           |      Mask     | Scope  |     Hw-Address    |
[   19.200922] cloud-init[697]: ci-info: +--------+------+----------------------------+---------------+--------+-------------------+
[   19.208976] cloud-init[697]: ci-info: | enp0s3 | True |         10.0.2.15          | 255.255.255.0 | global | 02:3b:7b:b7:3b:2d |
[   19.216508] cloud-init[697]: ci-info: | enp0s3 | True | fd00::3b:7bff:feb7:3b2d/64 |       .       | global | 02:3b:7b:b7:3b:2d |
[   19.223424] cloud-init[697]: ci-info: | enp0s3 | True | fe80::3b:7bff:feb7:3b2d/64 |       .       |  link  | 02:3b:7b:b7:3b:2d |
[   19.230723] cloud-init[697]: ci-info: |   lo   | True |         127.0.0.1          |   255.0.0.0   |  host  |         .         |
[   19.239099] cloud-init[697]: ci-info: |   lo   | True |          ::1/128           |       .       |  host  |         .         |
[   19.246128] cloud-init[697]: ci-info: +--------+------+----------------------------+---------------+--------+-------------------+
[   19.253324] cloud-init[697]: ci-info: ++++++++++++++++++++++++++++Route IPv4 info+++++++++++++++++++++++++++++
[   19.260060] cloud-init[697]: ci-info: +-------+-------------+----------+-----------------+-----------+-------+
[   19.267197] cloud-init[697]: ci-info: | Route | Destination | Gateway  |     Genmask     | Interface | Flags |
[   19.274317] cloud-init[697]: ci-info: +-------+-------------+----------+-----------------+-----------+-------+
[   19.281683] cloud-init[697]: ci-info: |   0   |   0.0.0.0   | 10.0.2.2 |     0.0.0.0     |   enp0s3  |   UG  |
[   19.288696] cloud-init[697]: ci-info: |   1   |   10.0.2.0  | 0.0.0.0  |  255.255.255.0  |   enp0s3  |   U   |
[   19.295214] cloud-init[697]: ci-info: |   2   |   10.0.2.2  | 0.0.0.0  | 255.255.255.255 |   enp0s3  |   UH  |
[   19.301941] cloud-init[697]: ci-info: +-------+-------------+----------+-----------------+-----------+-------+
[   19.308658] cloud-init[697]: ci-info: +++++++++++++++++++Route IPv6 info+++++++++++++++++++
[   19.315536] cloud-init[697]: ci-info: +-------+-------------+---------+-----------+-------+
[   19.322820] cloud-init[697]: ci-info: | Route | Destination | Gateway | Interface | Flags |
[   19.329320] cloud-init[697]: ci-info: +-------+-------------+---------+-----------+-------+
[   19.338192] cloud-init[697]: ci-info: |   1   |  fd00::/64  |    ::   |   enp0s3  |   U   |
[   19.344627] cloud-init[697]: ci-info: |   2   |  fe80::/64  |    ::   |   enp0s3  |   U   |
[   19.351443] cloud-init[697]: ci-info: |   3   |     ::/0    | fe80::2 |   enp0s3  |   UG  |
[   19.357371] cloud-init[697]: ci-info: |   5   |    local    |    ::   |   enp0s3  |   U   |
[   19.363874] cloud-init[697]: ci-info: |   6   |   ff00::/8  |    ::   |   enp0s3  |   U   |
[   19.370915] cloud-init[697]: ci-info: +-------+-------------+---------+-----------+-------+
[[0;32m  OK  [0m] Started Initial cloud-init job (metadata service crawler).
[[0;32m  OK  [0m] Reached target System Initialization.
[[0;32m  OK  [0m] Listening on D-Bus System Message Bus Socket.
[[0;32m  OK  [0m] Started Discard unused blocks once a week.
[[0;32m  OK  [0m] Started Daily Cleanup of Temporary Directories.
[[0;32m  OK  [0m] Listening on UUID daemon activation socket.
         Starting Socket activation for snappy daemon.
[[0;32m  OK  [0m] Listening on Open-iSCSI iscsid Socket.
[[0;32m  OK  [0m] Listening on cloud-init hotplug hook socket.
[[0;32m  OK  [0m] Started Ubuntu Advantage Timer for running repeated jobs.
[[0;32m  OK  [0m] Listening on ACPID Listen Socket.
[[0;32m  OK  [0m] Started ACPI Events Check.
[[0;32m  OK  [0m] Reached target Paths.
[[0;32m  OK  [0m] Started Daily apt download activities.
[[0;32m  OK  [0m] Started Daily apt upgrade and clean activities.
         Starting LXD - unix socket.
[[0;32m  OK  [0m] Started Message of the Day.
[[0;32m  OK  [0m] Reached target Timers.
[[0;32m  OK  [0m] Reached target Network is Online.
[[0;32m  OK  [0m] Reached target Remote File Systems (Pre).
         Mounting /home/vagrant/app...
         Mounting /vagrant...
         Starting Availability of block devices...
[[0;32m  OK  [0m] Reached target Cloud-config availability.
[[0;32m  OK  [0m] Listening on Socket activation for snappy daemon.
[[0;32m  OK  [0m] Listening on LXD - unix socket.
[[0;32m  OK  [0m] Reached target Sockets.
[[0;32m  OK  [0m] Reached target Basic System.
[[0;32m  OK  [0m] Started irqbalance daemon.
         Starting Virtualbox guest utils...
[[0;32m  OK  [0m] Started Regular background program processing daemon.
         Starting System Logging Service...
         Starting Dispatcher daemon for systemd-networkd...
[[0;32m  OK  [0m] Started D-Bus System Message Bus.
[[0;32m  OK  [0m] Started FUSE filesystem for LXC.
         Starting OpenBSD Secure Shell server...
         Starting Accounts Service...
         Starting Login Service...
[[0;32m  OK  [0m] Started Deferred execution scheduler.
         Starting LXD - container startup/shutdown...
         Starting Snap Daemon...
         Starting LSB: Record successful boot for GRUB...
         Starting MySQL Community Server...
[[0;32m  OK  [0m] Reached target Login Prompts (Pre).
[[0;32m  OK  [0m] Started System Logging Service.
[[0;32m  OK  [0m] Mounted /home/vagrant/app.
[[0;32m  OK  [0m] Mounted /vagrant.
[[0;32m  OK  [0m] Started Availability of block devices.
[[0;32m  OK  [0m] Started OpenBSD Secure Shell server.
[[0;32m  OK  [0m] Started Dispatcher daemon for systemd-networkd.
[[0;32m  OK  [0m] Started Login Service.
[[0;32m  OK  [0m] Started Unattended Upgrades Shutdown.
         Starting Authorization Manager...
         Starting Hostname Service...
[[0;32m  OK  [0m] Reached target Remote File Systems.
         Starting LSB: automatic crash report generation...
         Starting Permit User Sessions...
[[0;32m  OK  [0m] Started Permit User Sessions.
         Starting Hold until boot process finishes up...
         Starting Terminate Plymouth Boot Screen...
[[0;32m  OK  [0m] Started Hold until boot process finishes up.
[[0;32m  OK  [0m] Started Serial Getty on ttyS0.
         Starting Set console scheme...
[[0;32m  OK  [0m] Started Terminate Plymouth Boot Screen.
[[0;32m  OK  [0m] Started Hostname Service.
[[0;32m  OK  [0m] Started Authorization Manager.
[[0;32m  OK  [0m] Started Set console scheme.
[[0;32m  OK  [0m] Created slice system-getty.slice.
[[0;32m  OK  [0m] Started Getty on tty1.
[[0;32m  OK  [0m] Reached target Login Prompts.
[[0;32m  OK  [0m] Started LSB: Record successful boot for GRUB.
[[0;32m  OK  [0m] Started LSB: automatic crash report generation.
[[0;32m  OK  [0m] Started Virtualbox guest utils.
[[0;32m  OK  [0m] Started Accounts Service.
[[0;32m  OK  [0m] Started LXD - container startup/shutdown.
[[0;32m  OK  [0m] Started Snap Daemon.
         Starting Wait until snapd is fully seeded...
         Starting Time & Date Service...
[[0;32m  OK  [0m] Started Time & Date Service.
[[0;32m  OK  [0m] Started Wait until snapd is fully seeded.
         Starting Apply the settings specified in cloud-config...
[[0;32m  OK  [0m] Started MySQL Community Server.
[   23.144914] cloud-init[1184]: Cloud-init v. 23.1.2-0ubuntu0~18.04.1 running 'modules:config' at Thu, 19 Jun 2025 13:40:36 +0000. Up 23.00 seconds.
[[0;32m  OK  [0m] Started Apply the settings specified in cloud-config.
[[0;32m  OK  [0m] Reached target Multi-User System.
         Starting Execute cloud user/final scripts...
[[0;32m  OK  [0m] Reached target Graphical Interface.
         Starting Update UTMP about System Runlevel Changes...
[[0;32m  OK  [0m] Started Update UTMP about System Runlevel Changes.
[   23.706116] cloud-init[1239]: Cloud-init v. 23.1.2-0ubuntu0~18.04.1 running 'modules:final' at Thu, 19 Jun 2025 13:40:36 +0000. Up 23.56 seconds.
[   23.716585] cloud-init[1239]: Cloud-init v. 23.1.2-0ubuntu0~18.04.1 finished at Thu, 19 Jun 2025 13:40:36 +0000. Datasource DataSourceNoCloud [seed=/dev/sdb][dsmode=net].  Up 23.69 seconds
[[0;32m  OK  [0m] Started Execute cloud user/final scripts.
[[0;32m  OK  [0m] Reached target Cloud-init target.

Ubuntu 18.04.6 LTS ubuntu-bionic ttyS0

ubuntu-bionic login: 